<?xml version="1.0" encoding="UTF-8"?>
<TestRun id="d2922b97-2a17-472a-b693-560fcfb9d780" name="Bruno@BRUNO-PC 2012-02-15 14:07:48" runUser="Bruno-PC\Bruno" xmlns="http://microsoft.com/schemas/VisualStudio/TeamTest/2010">
  <TestSettings name="Local" id="ca88e069-f008-4408-aa18-24caa99d89f1">
    <Description>These are default test settings for a local test run.</Description>
    <Deployment enabled="false" runDeploymentRoot="Bruno_BRUNO-PC 2012-02-15 14_07_48">
      <DeploymentItem filename="C:\Program Files\Moq.4.0.10827\NET40\Moq.dll" />
      <DeploymentItem filename="C:\projetos\ta\TA\Source\TA.Domain\bin\Debug\TA.Domain.dll" />
    </Deployment>
    <Execution>
      <TestTypeSpecific />
      <AgentRule name="Execution Agents">
      </AgentRule>
    </Execution>
  </TestSettings>
  <Times creation="2012-02-15T14:07:48.0325750-02:00" queuing="2012-02-15T14:07:55.7110345-02:00" start="2012-02-15T14:07:55.7890346-02:00" finish="2012-02-15T14:07:56.9278366-02:00" />
  <ResultSummary outcome="Completed">
    <Counters total="10" executed="10" passed="10" error="0" failed="0" timeout="0" aborted="0" inconclusive="0" passedButRunAborted="0" notRunnable="0" notExecuted="0" disconnected="0" warning="0" completed="0" inProgress="0" pending="0" />
  </ResultSummary>
  <TestDefinitions>
    <UnitTest name="Incluir_Anunciante_Valido_Menor_18_Anos_Retorna_Exception_1_Erro" storage="c:\projetos\ta\ta\source\ta.domain.test\bin\debug\ta.domain.test.dll" id="aa19f774-f82e-53f4-aefb-820d671f9973">
      <Execution id="bfadc925-2b78-4157-80be-e0025f17f00b" />
      <TestMethod codeBase="C:/projetos/ta/TA/Source/TA.Domain.Test/bin/Debug/TA.Domain.Test.DLL" adapterTypeName="Microsoft.VisualStudio.TestTools.TestTypes.Unit.UnitTestAdapter, Microsoft.VisualStudio.QualityTools.Tips.UnitTest.Adapter, Version=10.0.0.0, Culture=neutral, PublicKeyToken=b03f5f7f11d50a3a" className="TA.Domain.Test.Service.ServicoAnuncianteTest, TA.Domain.Test, Version=1.0.0.0, Culture=neutral, PublicKeyToken=null" name="Incluir_Anunciante_Valido_Menor_18_Anos_Retorna_Exception_1_Erro" />
    </UnitTest>
    <UnitTest name="Incluir_Anunciante_Nulo_Retorna_ArgumentNullException" storage="c:\projetos\ta\ta\source\ta.domain.test\bin\debug\ta.domain.test.dll" id="32767917-b2d1-8158-2e2a-2c68786b263a">
      <Execution id="a6b0234a-fd27-4fc0-b1b5-ac489457f02d" />
      <TestMethod codeBase="C:/projetos/ta/TA/Source/TA.Domain.Test/bin/Debug/TA.Domain.Test.DLL" adapterTypeName="Microsoft.VisualStudio.TestTools.TestTypes.Unit.UnitTestAdapter, Microsoft.VisualStudio.QualityTools.Tips.UnitTest.Adapter, Version=10.0.0.0, Culture=neutral, PublicKeyToken=b03f5f7f11d50a3a" className="TA.Domain.Test.Service.ServicoAnuncianteTest, TA.Domain.Test, Version=1.0.0.0, Culture=neutral, PublicKeyToken=null" name="Incluir_Anunciante_Nulo_Retorna_ArgumentNullException" />
    </UnitTest>
    <UnitTest name="Atualizar_Anunciante_Valido_Menor_18_Anos_Retorna_Exception_1_Erro" storage="c:\projetos\ta\ta\source\ta.domain.test\bin\debug\ta.domain.test.dll" id="ce157885-7188-dd1c-7c94-fb013f296689">
      <Execution id="500a9c72-e6ef-4357-9bc4-ad7d02882b58" />
      <TestMethod codeBase="C:/projetos/ta/TA/Source/TA.Domain.Test/bin/Debug/TA.Domain.Test.DLL" adapterTypeName="Microsoft.VisualStudio.TestTools.TestTypes.Unit.UnitTestAdapter, Microsoft.VisualStudio.QualityTools.Tips.UnitTest.Adapter, Version=10.0.0.0, Culture=neutral, PublicKeyToken=b03f5f7f11d50a3a" className="TA.Domain.Test.Service.ServicoAnuncianteTest, TA.Domain.Test, Version=1.0.0.0, Culture=neutral, PublicKeyToken=null" name="Atualizar_Anunciante_Valido_Menor_18_Anos_Retorna_Exception_1_Erro" />
    </UnitTest>
    <UnitTest name="Atualizar_Anunciante_Nulo_Retorna_ArgumentNullException" storage="c:\projetos\ta\ta\source\ta.domain.test\bin\debug\ta.domain.test.dll" id="59b975a8-1836-fc47-54ce-8486ae3a0b64">
      <Execution id="fca290ab-07e3-4a6a-a9eb-43ca1f33f0cc" />
      <TestMethod codeBase="C:/projetos/ta/TA/Source/TA.Domain.Test/bin/Debug/TA.Domain.Test.DLL" adapterTypeName="Microsoft.VisualStudio.TestTools.TestTypes.Unit.UnitTestAdapter, Microsoft.VisualStudio.QualityTools.Tips.UnitTest.Adapter, Version=10.0.0.0, Culture=neutral, PublicKeyToken=b03f5f7f11d50a3a" className="TA.Domain.Test.Service.ServicoAnuncianteTest, TA.Domain.Test, Version=1.0.0.0, Culture=neutral, PublicKeyToken=null" name="Atualizar_Anunciante_Nulo_Retorna_ArgumentNullException" />
    </UnitTest>
    <UnitTest name="Incluir_Anunciante_Invalido_Retorna_Exception_5_Erros" storage="c:\projetos\ta\ta\source\ta.domain.test\bin\debug\ta.domain.test.dll" id="545fe080-d106-5011-7889-9699ff26684d">
      <Execution id="da469464-9173-45b1-bb71-55a2f43e1c6e" />
      <TestMethod codeBase="C:/projetos/ta/TA/Source/TA.Domain.Test/bin/Debug/TA.Domain.Test.DLL" adapterTypeName="Microsoft.VisualStudio.TestTools.TestTypes.Unit.UnitTestAdapter, Microsoft.VisualStudio.QualityTools.Tips.UnitTest.Adapter, Version=10.0.0.0, Culture=neutral, PublicKeyToken=b03f5f7f11d50a3a" className="TA.Domain.Test.Service.ServicoAnuncianteTest, TA.Domain.Test, Version=1.0.0.0, Culture=neutral, PublicKeyToken=null" name="Incluir_Anunciante_Invalido_Retorna_Exception_5_Erros" />
    </UnitTest>
    <UnitTest name="Incluir_Anunciante_Valido_Email_Ja_Existente_Chamar_Repositorio_ObterObterAnuncianteDeEmail_Retorna_Exception" storage="c:\projetos\ta\ta\source\ta.domain.test\bin\debug\ta.domain.test.dll" id="1de5f58b-d416-77a6-db25-0b36f970845c">
      <Execution id="74c57f68-38f9-47fb-9b4e-1802dabc96dd" />
      <TestMethod codeBase="C:/projetos/ta/TA/Source/TA.Domain.Test/bin/Debug/TA.Domain.Test.DLL" adapterTypeName="Microsoft.VisualStudio.TestTools.TestTypes.Unit.UnitTestAdapter, Microsoft.VisualStudio.QualityTools.Tips.UnitTest.Adapter, Version=10.0.0.0, Culture=neutral, PublicKeyToken=b03f5f7f11d50a3a" className="TA.Domain.Test.Service.ServicoAnuncianteTest, TA.Domain.Test, Version=1.0.0.0, Culture=neutral, PublicKeyToken=null" name="Incluir_Anunciante_Valido_Email_Ja_Existente_Chamar_Repositorio_ObterObterAnuncianteDeEmail_Retorna_Exception" />
    </UnitTest>
    <UnitTest name="Atualizar_Anunciante_Invalido_Retorna_Exception_5_Erros" storage="c:\projetos\ta\ta\source\ta.domain.test\bin\debug\ta.domain.test.dll" id="45653154-6b7b-b184-2387-e0702d630c8e">
      <Execution id="6f7c5821-5a58-44a1-bacb-230fa009945b" />
      <TestMethod codeBase="C:/projetos/ta/TA/Source/TA.Domain.Test/bin/Debug/TA.Domain.Test.DLL" adapterTypeName="Microsoft.VisualStudio.TestTools.TestTypes.Unit.UnitTestAdapter, Microsoft.VisualStudio.QualityTools.Tips.UnitTest.Adapter, Version=10.0.0.0, Culture=neutral, PublicKeyToken=b03f5f7f11d50a3a" className="TA.Domain.Test.Service.ServicoAnuncianteTest, TA.Domain.Test, Version=1.0.0.0, Culture=neutral, PublicKeyToken=null" name="Atualizar_Anunciante_Invalido_Retorna_Exception_5_Erros" />
    </UnitTest>
    <UnitTest name="Atualizar_Anunciante_Valido_Email_Ja_Existente_Chamar_Repositorio_ObterObterAnuncianteDeEmail_Retorna_Exception" storage="c:\projetos\ta\ta\source\ta.domain.test\bin\debug\ta.domain.test.dll" id="4b01e6df-027c-eaef-da2e-ce0f9a2e718b">
      <Execution id="eb7ed4f8-84fc-4a1a-a85a-d7e945e3a37f" />
      <TestMethod codeBase="C:/projetos/ta/TA/Source/TA.Domain.Test/bin/Debug/TA.Domain.Test.DLL" adapterTypeName="Microsoft.VisualStudio.TestTools.TestTypes.Unit.UnitTestAdapter, Microsoft.VisualStudio.QualityTools.Tips.UnitTest.Adapter, Version=10.0.0.0, Culture=neutral, PublicKeyToken=b03f5f7f11d50a3a" className="TA.Domain.Test.Service.ServicoAnuncianteTest, TA.Domain.Test, Version=1.0.0.0, Culture=neutral, PublicKeyToken=null" name="Atualizar_Anunciante_Valido_Email_Ja_Existente_Chamar_Repositorio_ObterObterAnuncianteDeEmail_Retorna_Exception" />
    </UnitTest>
    <UnitTest name="Incluir_Anunciante_Valido_Data_Cadastro_DataAtual_Chama_Repositorio_ObterAnuncianteDeEmail_Incluir" storage="c:\projetos\ta\ta\source\ta.domain.test\bin\debug\ta.domain.test.dll" id="6805ab94-39dd-3cef-bd61-b466da305a09">
      <Execution id="32f241d1-84de-46b1-8f20-7af0fc777740" />
      <TestMethod codeBase="C:/projetos/ta/TA/Source/TA.Domain.Test/bin/Debug/TA.Domain.Test.DLL" adapterTypeName="Microsoft.VisualStudio.TestTools.TestTypes.Unit.UnitTestAdapter, Microsoft.VisualStudio.QualityTools.Tips.UnitTest.Adapter, Version=10.0.0.0, Culture=neutral, PublicKeyToken=b03f5f7f11d50a3a" className="TA.Domain.Test.Service.ServicoAnuncianteTest, TA.Domain.Test, Version=1.0.0.0, Culture=neutral, PublicKeyToken=null" name="Incluir_Anunciante_Valido_Data_Cadastro_DataAtual_Chama_Repositorio_ObterAnuncianteDeEmail_Incluir" />
    </UnitTest>
    <UnitTest name="Atualizar_Anunciante_Valido_Chama_Repositorio_ObterAnuncianteDeEmail_Atualizar" storage="c:\projetos\ta\ta\source\ta.domain.test\bin\debug\ta.domain.test.dll" id="a9e3d1b9-6113-4eed-6424-60b5e638432f">
      <Execution id="13bff61b-6989-4d96-b4e9-6e5d5af75566" />
      <TestMethod codeBase="C:/projetos/ta/TA/Source/TA.Domain.Test/bin/Debug/TA.Domain.Test.DLL" adapterTypeName="Microsoft.VisualStudio.TestTools.TestTypes.Unit.UnitTestAdapter, Microsoft.VisualStudio.QualityTools.Tips.UnitTest.Adapter, Version=10.0.0.0, Culture=neutral, PublicKeyToken=b03f5f7f11d50a3a" className="TA.Domain.Test.Service.ServicoAnuncianteTest, TA.Domain.Test, Version=1.0.0.0, Culture=neutral, PublicKeyToken=null" name="Atualizar_Anunciante_Valido_Chama_Repositorio_ObterAnuncianteDeEmail_Atualizar" />
    </UnitTest>
  </TestDefinitions>
  <TestLists>
    <TestList name="Results Not in a List" id="8c84fa94-04c1-424b-9868-57a2d4851a1d" />
    <TestList name="All Loaded Results" id="19431567-8539-422a-85d7-44ee4e166bda" />
  </TestLists>
  <TestEntries>
    <TestEntry testId="1de5f58b-d416-77a6-db25-0b36f970845c" executionId="74c57f68-38f9-47fb-9b4e-1802dabc96dd" testListId="8c84fa94-04c1-424b-9868-57a2d4851a1d" />
    <TestEntry testId="32767917-b2d1-8158-2e2a-2c68786b263a" executionId="a6b0234a-fd27-4fc0-b1b5-ac489457f02d" testListId="8c84fa94-04c1-424b-9868-57a2d4851a1d" />
    <TestEntry testId="45653154-6b7b-b184-2387-e0702d630c8e" executionId="6f7c5821-5a58-44a1-bacb-230fa009945b" testListId="8c84fa94-04c1-424b-9868-57a2d4851a1d" />
    <TestEntry testId="4b01e6df-027c-eaef-da2e-ce0f9a2e718b" executionId="eb7ed4f8-84fc-4a1a-a85a-d7e945e3a37f" testListId="8c84fa94-04c1-424b-9868-57a2d4851a1d" />
    <TestEntry testId="545fe080-d106-5011-7889-9699ff26684d" executionId="da469464-9173-45b1-bb71-55a2f43e1c6e" testListId="8c84fa94-04c1-424b-9868-57a2d4851a1d" />
    <TestEntry testId="59b975a8-1836-fc47-54ce-8486ae3a0b64" executionId="fca290ab-07e3-4a6a-a9eb-43ca1f33f0cc" testListId="8c84fa94-04c1-424b-9868-57a2d4851a1d" />
    <TestEntry testId="6805ab94-39dd-3cef-bd61-b466da305a09" executionId="32f241d1-84de-46b1-8f20-7af0fc777740" testListId="8c84fa94-04c1-424b-9868-57a2d4851a1d" />
    <TestEntry testId="a9e3d1b9-6113-4eed-6424-60b5e638432f" executionId="13bff61b-6989-4d96-b4e9-6e5d5af75566" testListId="8c84fa94-04c1-424b-9868-57a2d4851a1d" />
    <TestEntry testId="aa19f774-f82e-53f4-aefb-820d671f9973" executionId="bfadc925-2b78-4157-80be-e0025f17f00b" testListId="8c84fa94-04c1-424b-9868-57a2d4851a1d" />
    <TestEntry testId="ce157885-7188-dd1c-7c94-fb013f296689" executionId="500a9c72-e6ef-4357-9bc4-ad7d02882b58" testListId="8c84fa94-04c1-424b-9868-57a2d4851a1d" />
  </TestEntries>
  <Results>
    <UnitTestResult executionId="74c57f68-38f9-47fb-9b4e-1802dabc96dd" testId="1de5f58b-d416-77a6-db25-0b36f970845c" testName="Incluir_Anunciante_Valido_Email_Ja_Existente_Chamar_Repositorio_ObterObterAnuncianteDeEmail_Retorna_Exception" computerName="BRUNO-PC" duration="00:00:00.3334407" startTime="2012-02-15T14:07:55.8202347-02:00" endTime="2012-02-15T14:07:56.5846360-02:00" testType="13cdc9d9-ddb5-4fa4-a97d-d965ccfc6d4b" outcome="Passed" testListId="8c84fa94-04c1-424b-9868-57a2d4851a1d" relativeResultsDirectory="74c57f68-38f9-47fb-9b4e-1802dabc96dd">
    </UnitTestResult>
    <UnitTestResult executionId="a6b0234a-fd27-4fc0-b1b5-ac489457f02d" testId="32767917-b2d1-8158-2e2a-2c68786b263a" testName="Incluir_Anunciante_Nulo_Retorna_ArgumentNullException" computerName="BRUNO-PC" duration="00:00:00.0010742" startTime="2012-02-15T14:07:56.6002361-02:00" endTime="2012-02-15T14:07:56.6002361-02:00" testType="13cdc9d9-ddb5-4fa4-a97d-d965ccfc6d4b" outcome="Passed" testListId="8c84fa94-04c1-424b-9868-57a2d4851a1d" relativeResultsDirectory="a6b0234a-fd27-4fc0-b1b5-ac489457f02d">
    </UnitTestResult>
    <UnitTestResult executionId="6f7c5821-5a58-44a1-bacb-230fa009945b" testId="45653154-6b7b-b184-2387-e0702d630c8e" testName="Atualizar_Anunciante_Invalido_Retorna_Exception_5_Erros" computerName="BRUNO-PC" duration="00:00:00.0024056" startTime="2012-02-15T14:07:56.6002361-02:00" endTime="2012-02-15T14:07:56.6158361-02:00" testType="13cdc9d9-ddb5-4fa4-a97d-d965ccfc6d4b" outcome="Passed" testListId="8c84fa94-04c1-424b-9868-57a2d4851a1d" relativeResultsDirectory="6f7c5821-5a58-44a1-bacb-230fa009945b">
    </UnitTestResult>
    <UnitTestResult executionId="eb7ed4f8-84fc-4a1a-a85a-d7e945e3a37f" testId="4b01e6df-027c-eaef-da2e-ce0f9a2e718b" testName="Atualizar_Anunciante_Valido_Email_Ja_Existente_Chamar_Repositorio_ObterObterAnuncianteDeEmail_Retorna_Exception" computerName="BRUNO-PC" duration="00:00:00.0035887" startTime="2012-02-15T14:07:56.6158361-02:00" endTime="2012-02-15T14:07:56.6314361-02:00" testType="13cdc9d9-ddb5-4fa4-a97d-d965ccfc6d4b" outcome="Passed" testListId="8c84fa94-04c1-424b-9868-57a2d4851a1d" relativeResultsDirectory="eb7ed4f8-84fc-4a1a-a85a-d7e945e3a37f">
    </UnitTestResult>
    <UnitTestResult executionId="da469464-9173-45b1-bb71-55a2f43e1c6e" testId="545fe080-d106-5011-7889-9699ff26684d" testName="Incluir_Anunciante_Invalido_Retorna_Exception_5_Erros" computerName="BRUNO-PC" duration="00:00:00.0010136" startTime="2012-02-15T14:07:56.6314361-02:00" endTime="2012-02-15T14:07:56.6314361-02:00" testType="13cdc9d9-ddb5-4fa4-a97d-d965ccfc6d4b" outcome="Passed" testListId="8c84fa94-04c1-424b-9868-57a2d4851a1d" relativeResultsDirectory="da469464-9173-45b1-bb71-55a2f43e1c6e">
    </UnitTestResult>
    <UnitTestResult executionId="fca290ab-07e3-4a6a-a9eb-43ca1f33f0cc" testId="59b975a8-1836-fc47-54ce-8486ae3a0b64" testName="Atualizar_Anunciante_Nulo_Retorna_ArgumentNullException" computerName="BRUNO-PC" duration="00:00:00.0005091" startTime="2012-02-15T14:07:56.6470361-02:00" endTime="2012-02-15T14:07:56.6470361-02:00" testType="13cdc9d9-ddb5-4fa4-a97d-d965ccfc6d4b" outcome="Passed" testListId="8c84fa94-04c1-424b-9868-57a2d4851a1d" relativeResultsDirectory="fca290ab-07e3-4a6a-a9eb-43ca1f33f0cc">
    </UnitTestResult>
    <UnitTestResult executionId="32f241d1-84de-46b1-8f20-7af0fc777740" testId="6805ab94-39dd-3cef-bd61-b466da305a09" testName="Incluir_Anunciante_Valido_Data_Cadastro_DataAtual_Chama_Repositorio_ObterAnuncianteDeEmail_Incluir" computerName="BRUNO-PC" duration="00:00:00.0537547" startTime="2012-02-15T14:07:56.6626362-02:00" endTime="2012-02-15T14:07:56.7250363-02:00" testType="13cdc9d9-ddb5-4fa4-a97d-d965ccfc6d4b" outcome="Passed" testListId="8c84fa94-04c1-424b-9868-57a2d4851a1d" relativeResultsDirectory="32f241d1-84de-46b1-8f20-7af0fc777740">
    </UnitTestResult>
    <UnitTestResult executionId="13bff61b-6989-4d96-b4e9-6e5d5af75566" testId="a9e3d1b9-6113-4eed-6424-60b5e638432f" testName="Atualizar_Anunciante_Valido_Chama_Repositorio_ObterAnuncianteDeEmail_Atualizar" computerName="BRUNO-PC" duration="00:00:00.0037119" startTime="2012-02-15T14:07:56.7718364-02:00" endTime="2012-02-15T14:07:56.7718364-02:00" testType="13cdc9d9-ddb5-4fa4-a97d-d965ccfc6d4b" outcome="Passed" testListId="8c84fa94-04c1-424b-9868-57a2d4851a1d" relativeResultsDirectory="13bff61b-6989-4d96-b4e9-6e5d5af75566">
    </UnitTestResult>
    <UnitTestResult executionId="bfadc925-2b78-4157-80be-e0025f17f00b" testId="aa19f774-f82e-53f4-aefb-820d671f9973" testName="Incluir_Anunciante_Valido_Menor_18_Anos_Retorna_Exception_1_Erro" computerName="BRUNO-PC" duration="00:00:00.0011445" startTime="2012-02-15T14:07:56.7874364-02:00" endTime="2012-02-15T14:07:56.7874364-02:00" testType="13cdc9d9-ddb5-4fa4-a97d-d965ccfc6d4b" outcome="Passed" testListId="8c84fa94-04c1-424b-9868-57a2d4851a1d" relativeResultsDirectory="bfadc925-2b78-4157-80be-e0025f17f00b">
    </UnitTestResult>
    <UnitTestResult executionId="500a9c72-e6ef-4357-9bc4-ad7d02882b58" testId="ce157885-7188-dd1c-7c94-fb013f296689" testName="Atualizar_Anunciante_Valido_Menor_18_Anos_Retorna_Exception_1_Erro" computerName="BRUNO-PC" duration="00:00:00.0012246" startTime="2012-02-15T14:07:56.7874364-02:00" endTime="2012-02-15T14:07:56.8030364-02:00" testType="13cdc9d9-ddb5-4fa4-a97d-d965ccfc6d4b" outcome="Passed" testListId="8c84fa94-04c1-424b-9868-57a2d4851a1d" relativeResultsDirectory="500a9c72-e6ef-4357-9bc4-ad7d02882b58">
    </UnitTestResult>
  </Results>
</TestRun>