<?xml version="1.0" encoding="UTF-8"?>
<TestRun id="99662970-466d-470b-ac9b-4811b3be1e6d" name="Bruno@BRUNO-PC 2012-02-11 23:26:59" runUser="Bruno-PC\Bruno" xmlns="http://microsoft.com/schemas/VisualStudio/TeamTest/2010">
  <TestSettings name="Local" id="ca88e069-f008-4408-aa18-24caa99d89f1">
    <Description>These are default test settings for a local test run.</Description>
    <Deployment enabled="false" runDeploymentRoot="Bruno_BRUNO-PC 2012-02-11 23_26_59">
      <DeploymentItem filename="C:\Program Files\Moq.4.0.10827\NET40\Moq.dll" />
      <DeploymentItem filename="C:\projetos\ta\TA\Source\TA.Domain\bin\Debug\TA.Domain.dll" />
    </Deployment>
    <Execution>
      <TestTypeSpecific />
      <AgentRule name="Execution Agents">
      </AgentRule>
    </Execution>
  </TestSettings>
  <Times creation="2012-02-11T23:26:59.8870744-02:00" queuing="2012-02-11T23:27:02.9201023-02:00" start="2012-02-11T23:27:03.1831173-02:00" finish="2012-02-11T23:27:14.3071504-02:00" />
  <ResultSummary outcome="Error">
    <Counters total="1" executed="1" error="0" failed="0" timeout="0" aborted="1" inconclusive="0" passedButRunAborted="0" notRunnable="0" notExecuted="0" disconnected="0" warning="0" passed="0" completed="0" inProgress="0" pending="0" />
    <RunInfos>
      <RunInfo computerName="BRUNO-PC" outcome="Error" timestamp="2012-02-11T23:27:14.2971504-02:00">
        <Text>Test host process exited unexpectedly.</Text>
      </RunInfo>
    </RunInfos>
  </ResultSummary>
  <TestDefinitions>
    <UnitTest name="ObterAnuncioPorId_idAnuncio_Invalido_Dispara_Exception" storage="c:\projetos\ta\ta\source\ta.domain.test\bin\debug\ta.domain.test.dll" id="05bdea5e-3d98-b9b9-fb27-609fb17472c5">
      <Execution id="2d0b02b9-82ab-44d1-a836-78931f75d2b4" />
      <TestMethod codeBase="C:/projetos/ta/TA/Source/TA.Domain.Test/bin/Debug/TA.Domain.Test.DLL" adapterTypeName="Microsoft.VisualStudio.TestTools.TestTypes.Unit.UnitTestAdapter, Microsoft.VisualStudio.QualityTools.Tips.UnitTest.Adapter, Version=10.0.0.0, Culture=neutral, PublicKeyToken=b03f5f7f11d50a3a" className="TA.Domain.Test.Service.ServicoAnuncioTest, TA.Domain.Test, Version=1.0.0.0, Culture=neutral, PublicKeyToken=null" name="ObterAnuncioPorId_idAnuncio_Invalido_Dispara_Exception" />
    </UnitTest>
  </TestDefinitions>
  <TestLists>
    <TestList name="Results Not in a List" id="8c84fa94-04c1-424b-9868-57a2d4851a1d" />
    <TestList name="All Loaded Results" id="19431567-8539-422a-85d7-44ee4e166bda" />
  </TestLists>
  <TestEntries>
    <TestEntry testId="05bdea5e-3d98-b9b9-fb27-609fb17472c5" executionId="2d0b02b9-82ab-44d1-a836-78931f75d2b4" testListId="8c84fa94-04c1-424b-9868-57a2d4851a1d" />
  </TestEntries>
  <Results>
    <UnitTestResult executionId="2d0b02b9-82ab-44d1-a836-78931f75d2b4" testId="05bdea5e-3d98-b9b9-fb27-609fb17472c5" testName="ObterAnuncioPorId_idAnuncio_Invalido_Dispara_Exception" computerName="BRUNO-PC" duration="00:00:10.9170212" startTime="2012-02-11T23:27:03.3901292-02:00" endTime="2012-02-11T23:27:14.3071504-02:00" testType="13cdc9d9-ddb5-4fa4-a97d-d965ccfc6d4b" outcome="Aborted" testListId="8c84fa94-04c1-424b-9868-57a2d4851a1d" relativeResultsDirectory="2d0b02b9-82ab-44d1-a836-78931f75d2b4">
    </UnitTestResult>
  </Results>
</TestRun>